{"ts": "2026-09-04T18:20:31Z", "change": "2026-09-04-adopt-venoxia", "tool": "Write", "path": "tests/test_oracle.py"}
{"ts": "2026-09-04T18:22:11Z", "change": "2026-09-04-adopt-venoxia", "tool": "Write", "path": "tests/fake_runner.py"}
{"ts": "2026-09-04T18:23:25Z", "change": "2026-09-04-adopt-venoxia", "tool": "Write", "path": "scripts/oracle.py"}
{"ts": "2026-09-04T18:24:08Z", "change": "2026-09-04-adopt-venoxia", "tool": "Edit", "path": "tests/fake_runner.py"}
{"ts": "2026-09-04T18:24:13Z", "change": "2026-09-04-adopt-venoxia", "tool": "Edit", "path": "tests/fake_runner.py"}
{"ts": "2026-09-04T18:24:18Z", "change": "2026-09-04-adopt-venoxia", "tool": "Edit", "path": "tests/venoxia_fixtures.py"}
{"ts": "2026-09-04T18:24:28Z", "change": "2026-09-04-adopt-venoxia", "tool": "Edit", "path": "tests/venoxia_fixtures.py"}
{"ts": "2026-09-04T18:24:34Z", "change": "2026-09-04-adopt-venoxia", "tool": "Edit", "path": "tests/venoxia_fixtures.py"}
{"ts": "2026-09-04T18:24:43Z", "change": "2026-09-04-adopt-venoxia", "tool": "Edit", "path": "tests/venoxia_fixtures.py"}
{"ts": "2026-09-04T18:24:51Z", "change": "2026-09-04-adopt-venoxia", "tool": "Edit", "path": "tests/venoxia_fixtures.py"}
{"ts": "2026-09-04T18:24:55Z", "change": "2026-09-04-adopt-venoxia", "tool": "Edit", "path": "tests/venoxia_fixtures.py"}
{"ts": "2026-09-04T18:26:09Z", "change": "2026-09-04-adopt-venoxia", "tool": "Write", "path": "tests/test_oracle.py"}
{"ts": "2026-09-04T18:26:24Z", "change": "2026-09-04-adopt-venoxia", "tool": "Edit", "path": "tests/venoxia_fixtures.py"}
{"ts": "2026-09-04T18:26:37Z", "change": "2026-09-04-adopt-venoxia", "tool": "Edit", "path": "tests/test_oracle.py"}
{"ts": "2026-09-04T18:27:46Z", "change": "2026-09-04-adopt-venoxia", "tool": "Write", "path": "templates/venoxia.json"}
{"ts": "2026-09-04T18:28:27Z", "change": "2026-09-04-adopt-venoxia", "tool": "Edit", "path": "README.md"}
{"ts": "2026-09-04T18:28:49Z", "change": "2026-09-04-adopt-venoxia", "tool": "Edit", "path": "README.md"}
{"ts": "2026-09-04T18:28:56Z", "change": "2026-09-04-adopt-venoxia", "tool": "Edit", "path": "README.md"}
{"ts": "2026-09-04T18:29:50Z", "change": "2026-09-04-adopt-venoxia", "tool": "Edit", "path": "skills/charter/SKILL.md"}
{"ts": "2026-09-04T18:29:59Z", "change": "2026-09-04-adopt-venoxia", "tool": "Edit", "path": "skills/charter/SKILL.md"}
{"ts": "2026-09-04T18:30:04Z", "change": "2026-09-04-adopt-venoxia", "tool": "Edit", "path": "skills/charter/SKILL.md"}
{"ts": "2026-09-04T18:30:36Z", "change": "2026-09-04-adopt-venoxia", "tool": "Edit", "path": "TODO.md"}
